<testsuites name="results">
  <testsuite name="all" package="all">
    <property name="random_seed" value="1735395083" />
    <testcase name="test_dut" classname="dut_test" file="/home/rv/Downloads/interfaces-pipermintwala-main/tests/dut_test.py" lineno="42" time="0.11480522155761719" sim_time_ns="3910.001" ratio_time="34057.693081822865" />
  </testsuite>
</testsuites>
